// Jest Snapshot v1, https://goo.gl/fbAQLP

exports[`Sidebar tests sidebar snapshot 1`] = `ReactWrapper {}`;
