// Jest Snapshot v1, https://goo.gl/fbAQLP

exports[`Landing page should test the landing page 1`] = `ShallowWrapper {}`;
