// Jest Snapshot v1, https://goo.gl/fbAQLP

exports[`With Enzyme PageLayout component snapshot!" 1`] = `ReactWrapper {}`;
