// Jest Snapshot v1, https://goo.gl/fbAQLP

exports[`With Enzyme App component snapshot!" 1`] = `ShallowWrapper {}`;
